// Jest Snapshot v1, https://goo.gl/fbAQLP

exports[`renders correctly 1`] = `
<View
  accessible={true}
  focusable={true}
  onClick={[Function]}
  onResponderGrant={[Function]}
  onResponderMove={[Function]}
  onResponderRelease={[Function]}
  onResponderTerminate={[Function]}
  onResponderTerminationRequest={[Function]}
  onStartShouldSetResponder={[Function]}
  style={
    Array [
      Object {
        "alignItems": "center",
        "borderColor": "#921029",
        "borderWidth": 1,
        "flex": 1,
        "justifyContent": "center",
      },
      null,
    ]
  }
  testID="button[9]"
>
  <Text
    style={
      Object {
        "color": "#000000",
        "fontSize": 30,
        "fontWeight": "bold",
      }
    }
  >
    9
  </Text>
</View>
`;
